// Jest Snapshot v1, https://goo.gl/fbAQLP

exports[`resolvers/comicsCreatorsResolver/integration fetches comicsCreators and generate snapshots 1`] = `
{
  "kind": "single",
  "singleResult": {
    "data": {
      "comicsCreators": {
        "attributionHTML": "mock data",
        "attributionText": "mock data",
        "code": 200,
        "copyright": "mock data",
        "data": {
          "count": 9,
          "limit": 20,
          "offset": 0,
          "results": [
            {
              "comics": {
                "available": 89.3,
                "collectionURI": "mock data",
                "items": [
                  {
                    "name": "mock data",
                    "resourceURI": "mock data",
                  },
                ],
                "returned": 89.3,
              },
              "events": {
                "available": 89.3,
                "collectionURI": "mock data",
                "items": [
                  {
                    "name": "mock data",
                    "resourceURI": "mock data",
                  },
                ],
                "returned": 89.3,
              },
              "firstName": "mock data",
              "fullName": "mock data",
              "id": 87,
              "lastName": "mock data",
              "middleName": "mock data",
              "modified": "mock data",
              "resourceURI": "mock data",
              "series": {
                "available": 89.3,
                "collectionURI": "mock data",
                "items": [
                  {
                    "name": "mock data",
                    "resourceURI": "mock data",
                  },
                ],
                "returned": 89.3,
              },
              "stories": null,
              "suffix": "mock data",
              "thumbnail": {
                "extension": "mock data",
                "path": "mock data",
              },
              "urls": [
                {
                  "type": "mock data",
                  "url": "mock data",
                },
              ],
            },
            {
              "comics": {
                "available": 89.3,
                "collectionURI": "mock data",
                "items": [
                  {
                    "name": "mock data",
                    "resourceURI": "mock data",
                  },
                ],
                "returned": 89.3,
              },
              "events": {
                "available": 89.3,
                "collectionURI": "mock data",
                "items": [
                  {
                    "name": "mock data",
                    "resourceURI": "mock data",
                  },
                ],
                "returned": 89.3,
              },
              "firstName": "mock data",
              "fullName": "mock data",
              "id": 87,
              "lastName": "mock data",
              "middleName": "mock data",
              "modified": "mock data",
              "resourceURI": "mock data",
              "series": {
                "available": 89.3,
                "collectionURI": "mock data",
                "items": [
                  {
                    "name": "mock data",
                    "resourceURI": "mock data",
                  },
                ],
                "returned": 89.3,
              },
              "stories": null,
              "suffix": "mock data",
              "thumbnail": {
                "extension": "mock data",
                "path": "mock data",
              },
              "urls": [
                {
                  "type": "mock data",
                  "url": "mock data",
                },
              ],
            },
          ],
          "total": 9,
        },
        "etag": "mock data",
        "status": "mock data",
      },
    },
    "errors": undefined,
  },
}
`;
