// Jest Snapshot v1, https://goo.gl/fbAQLP

exports[`resolvers/comicsByIdResolver/integration fetches comicsById and generate snapshots 1`] = `
{
  "kind": "single",
  "singleResult": {
    "data": {
      "comicsById": {
        "code": 200,
        "copyright": "mock data",
        "data": {
          "count": 20,
          "limit": 20,
          "offset": 0,
          "results": [
            {
              "characters": [
                {
                  "description": "mock id",
                  "id": 1,
                  "modified": "mock id",
                  "name": "mock id",
                  "thumbnail": {
                    "extension": "mock id",
                    "path": "mock id",
                  },
                  "urls": [
                    {
                      "type": "mock id",
                      "url": "mock id",
                    },
                  ],
                },
              ],
              "creators": [
                {
                  "fullName": "mock id",
                  "id": 1,
                  "modified": "mock id",
                  "suffix": "mock data",
                  "thumbnail": {
                    "extension": "mock id",
                    "path": "mock id",
                  },
                  "urls": [
                    {
                      "type": "mock id",
                      "url": "mock id",
                    },
                  ],
                },
              ],
              "dates": [
                {
                  "date": "mock data",
                  "type": "mock data",
                },
                {
                  "date": "mock data",
                  "type": "mock data",
                },
              ],
              "description": "mock data",
              "diamondCode": "mock data",
              "events": [
                {
                  "description": "mock id",
                  "end": "mock id",
                  "id": 1,
                  "modified": "mock id",
                  "start": "mock id",
                  "thumbnail": {
                    "extension": "mock id",
                    "path": "mock id",
                  },
                  "title": "mock id",
                  "urls": [
                    {
                      "type": "mock id",
                      "url": "mock id",
                    },
                  ],
                },
              ],
              "format": "mock data",
              "id": 82967,
              "images": [
                {
                  "extension": "mock data",
                  "path": "mock data",
                },
              ],
              "issueNumber": 0,
              "modified": "mock data",
              "pageCount": 112,
              "prices": [
                {
                  "price": 0,
                  "type": "mock data",
                },
              ],
              "stories": [
                {
                  "description": "mock data",
                  "id": 1,
                  "modified": "mock data",
                  "originalissue": {
                    "name": "mock data",
                    "resourceURI": "mock data",
                  },
                  "thumbnail": {
                    "extension": "mock data",
                    "path": "mock data",
                  },
                  "title": "mock data",
                  "type": "mock data",
                },
              ],
              "title": "mock data",
              "upc": "mock data",
              "variantDescription": "mock data",
            },
          ],
          "total": 60599,
        },
        "etag": "mock data",
        "status": "mock data",
      },
    },
    "errors": undefined,
  },
}
`;
