// Jest Snapshot v1, https://goo.gl/fbAQLP

exports[`resolvers/charactersResolver/integration fetches characters and generate snapshots 1`] = `
{
  "kind": "single",
  "singleResult": {
    "data": {
      "charactersById": {
        "code": 200,
        "copyright": "mock data",
        "data": {
          "count": 20,
          "limit": 20,
          "offset": 0,
          "results": [
            {
              "comics": null,
              "description": "mock data",
              "events": null,
              "id": 1011334,
              "modified": "mock data",
              "name": "mock data",
              "series": null,
              "stories": null,
              "thumbnail": {
                "extension": "mock data",
                "path": "mock data",
              },
              "urls": [
                {
                  "type": "mock data",
                  "url": "mock data",
                },
                {
                  "type": "mock data",
                  "url": "mock data",
                },
              ],
            },
          ],
          "total": 1564,
        },
        "etag": "mock data",
        "status": "mock data",
      },
    },
    "errors": undefined,
  },
}
`;
